| Test.java:55:5:55:18 | C c | Test.java:58:5:58:11 | foo(...) | foo() | Test.java:54:22:54:25 | call |
| Test.java:56:5:56:18 | D d | Test.java:59:5:59:11 | bar(...) | bar() | Test.java:54:22:54:25 | call |
| Test.java:57:5:57:18 | E e | Test.java:60:5:60:11 | foo(...) | foo() | Test.java:54:22:54:25 | call |
