| Test.java:29:11:29:17 | new C(...) | Test.java:6:12:6:12 | a | Test.java:30:11:30:17 | new A(...) |
| Test.java:35:11:35:17 | new C(...) | Test.java:6:12:6:12 | a | Test.java:36:11:36:17 | new B(...) |
