| Test.java:9:5:9:18 | A a | Test.java:9:11:9:17 | new A(...) |
| Test.java:10:5:10:18 | B b | Test.java:10:11:10:17 | new B(...) |
