| Test.java:59:5:59:12 | foo(...) | Test.java:8:8:8:10 | foo |
| Test.java:60:5:60:11 | bar(...) | Test.java:12:8:12:10 | bar |
| Test.java:61:5:61:11 | foo(...) | Test.java:16:8:16:10 | foo |
| Test.java:62:5:62:12 | foo(...) | Test.java:16:8:16:10 | foo |
