| Test.java:28:5:28:18 | C c | Test.java:6:12:6:12 | a | Test.java:29:5:29:18 | A a |
