| Test.java:38:5:38:8 | A a | Test.java:35:5:35:18 | C c | Test.java:6:12:6:12 | a |
